In file included from /home/bagus/keyhunt-GPU/src/backend/hip/xpoint.hip:3:
/home/bagus/keyhunt-GPU/kernels/hip/xpoint.h:44:1: remark: Function Name: _ZN7keyhunt3gpu13xpoint_directENS0_6ScalarEmPKNS0_5FieldEjPNS_4core15XPointCandidateEjPNS0_14XPointCountersE [-Rpass-analysis=kernel-resource-usage]
   44 |     XPointCounters* counters) {
      | ^
/home/bagus/keyhunt-GPU/kernels/hip/xpoint.h:44:1: remark:     TotalSGPRs: 86 [-Rpass-analysis=kernel-resource-usage]
/home/bagus/keyhunt-GPU/kernels/hip/xpoint.h:44:1: remark:     VGPRs: 160 [-Rpass-analysis=kernel-resource-usage]
/home/bagus/keyhunt-GPU/kernels/hip/xpoint.h:44:1: remark:     AGPRs: 0 [-Rpass-analysis=kernel-resource-usage]
/home/bagus/keyhunt-GPU/kernels/hip/xpoint.h:44:1: remark:     ScratchSize [bytes/lane]: 36 [-Rpass-analysis=kernel-resource-usage]
/home/bagus/keyhunt-GPU/kernels/hip/xpoint.h:44:1: remark:     Dynamic Stack: False [-Rpass-analysis=kernel-resource-usage]
/home/bagus/keyhunt-GPU/kernels/hip/xpoint.h:44:1: remark:     Occupancy [waves/SIMD]: 3 [-Rpass-analysis=kernel-resource-usage]
/home/bagus/keyhunt-GPU/kernels/hip/xpoint.h:44:1: remark:     SGPRs Spill: 0 [-Rpass-analysis=kernel-resource-usage]
/home/bagus/keyhunt-GPU/kernels/hip/xpoint.h:44:1: remark:     VGPRs Spill: 0 [-Rpass-analysis=kernel-resource-usage]
/home/bagus/keyhunt-GPU/kernels/hip/xpoint.h:44:1: remark:     LDS Size [bytes/block]: 4096 [-Rpass-analysis=kernel-resource-usage]
/home/bagus/keyhunt-GPU/kernels/hip/xpoint.h:66:1: remark: Function Name: _ZN7keyhunt3gpu14xpoint_steppedILb1EEEvNS0_5PointEmPKS2_PKNS0_5FieldEjPNS_4core15XPointCandidateEjPNS0_14XPointCountersE [-Rpass-analysis=kernel-resource-usage]
   66 |     uint32_t capacity, XPointCounters* counters) {
      | ^
/home/bagus/keyhunt-GPU/kernels/hip/xpoint.h:66:1: remark:     TotalSGPRs: 104 [-Rpass-analysis=kernel-resource-usage]
/home/bagus/keyhunt-GPU/kernels/hip/xpoint.h:66:1: remark:     VGPRs: 180 [-Rpass-analysis=kernel-resource-usage]
/home/bagus/keyhunt-GPU/kernels/hip/xpoint.h:66:1: remark:     AGPRs: 0 [-Rpass-analysis=kernel-resource-usage]
/home/bagus/keyhunt-GPU/kernels/hip/xpoint.h:66:1: remark:     ScratchSize [bytes/lane]: 0 [-Rpass-analysis=kernel-resource-usage]
/home/bagus/keyhunt-GPU/kernels/hip/xpoint.h:66:1: remark:     Dynamic Stack: False [-Rpass-analysis=kernel-resource-usage]
/home/bagus/keyhunt-GPU/kernels/hip/xpoint.h:66:1: remark:     Occupancy [waves/SIMD]: 2 [-Rpass-analysis=kernel-resource-usage]
/home/bagus/keyhunt-GPU/kernels/hip/xpoint.h:66:1: remark:     SGPRs Spill: 0 [-Rpass-analysis=kernel-resource-usage]
/home/bagus/keyhunt-GPU/kernels/hip/xpoint.h:66:1: remark:     VGPRs Spill: 0 [-Rpass-analysis=kernel-resource-usage]
/home/bagus/keyhunt-GPU/kernels/hip/xpoint.h:66:1: remark:     LDS Size [bytes/block]: 0 [-Rpass-analysis=kernel-resource-usage]
/home/bagus/keyhunt-GPU/kernels/hip/xpoint.h:66:1: remark: Function Name: _ZN7keyhunt3gpu14xpoint_steppedILb0EEEvNS0_5PointEmPKS2_PKNS0_5FieldEjPNS_4core15XPointCandidateEjPNS0_14XPointCountersE [-Rpass-analysis=kernel-resource-usage]
/home/bagus/keyhunt-GPU/kernels/hip/xpoint.h:66:1: remark:     TotalSGPRs: 108 [-Rpass-analysis=kernel-resource-usage]
/home/bagus/keyhunt-GPU/kernels/hip/xpoint.h:66:1: remark:     VGPRs: 162 [-Rpass-analysis=kernel-resource-usage]
/home/bagus/keyhunt-GPU/kernels/hip/xpoint.h:66:1: remark:     AGPRs: 0 [-Rpass-analysis=kernel-resource-usage]
/home/bagus/keyhunt-GPU/kernels/hip/xpoint.h:66:1: remark:     ScratchSize [bytes/lane]: 784 [-Rpass-analysis=kernel-resource-usage]
/home/bagus/keyhunt-GPU/kernels/hip/xpoint.h:66:1: remark:     Dynamic Stack: False [-Rpass-analysis=kernel-resource-usage]
/home/bagus/keyhunt-GPU/kernels/hip/xpoint.h:66:1: remark:     Occupancy [waves/SIMD]: 3 [-Rpass-analysis=kernel-resource-usage]
/home/bagus/keyhunt-GPU/kernels/hip/xpoint.h:66:1: remark:     SGPRs Spill: 0 [-Rpass-analysis=kernel-resource-usage]
/home/bagus/keyhunt-GPU/kernels/hip/xpoint.h:66:1: remark:     VGPRs Spill: 0 [-Rpass-analysis=kernel-resource-usage]
/home/bagus/keyhunt-GPU/kernels/hip/xpoint.h:66:1: remark:     LDS Size [bytes/block]: 4096 [-Rpass-analysis=kernel-resource-usage]
